Rc files read:
  /etc/LatexMk
  latexmkrc
Latexmk: This is Latexmk, John Collins, 15 June 2025. Version 4.87.
Latexmk: making output directory 'build'
No existing .aux file, so I'll make a simple one, and require run of *latex.
Latexmk: applying rule 'xelatex'...
Rule 'xelatex':  Reasons for rerun
Category 'other':
  Rerun of 'xelatex' forced or previously required:
    Reason or flag: 'Initial setup'

------------
Run number 1 of rule 'xelatex'
------------
------------
Running 'xelatex -no-shell-escape -synctex=1 -interaction=nonstopmode -halt-on-error -file-line-error -no-pdf -recorder -output-directory="build"  "main.tex"'
------------
This is XeTeX, Version 3.141592653-2.6-0.999997 (TeX Live 2025/Debian) (preloaded format=xelatex)
entering extended mode
(./main.tex
LaTeX2e <2025-11-01>
L3 programming layer <2026-01-19>
(/usr/share/texlive/texmf-dist/tex/latex/base/book.cls
Document Class: book 2025/01/22 v1.4n Standard LaTeX document class
(/usr/share/texlive/texmf-dist/tex/latex/base/bk10.clo)) (./config/preamble.tex
 (/usr/share/texlive/texmf-dist/tex/generic/iftex/iftex.sty)
(/usr/share/texlive/texmf-dist/tex/latex/amsmath/amsmath.sty
For additional information on amsmath, use the `?' option.
(/usr/share/texlive/texmf-dist/tex/latex/amsmath/amstext.sty
(/usr/share/texlive/texmf-dist/tex/latex/amsmath/amsgen.sty))
(/usr/share/texlive/texmf-dist/tex/latex/amsmath/amsbsy.sty)
(/usr/share/texlive/texmf-dist/tex/latex/amsmath/amsopn.sty))
(/usr/share/texlive/texmf-dist/tex/latex/amsfonts/amssymb.sty
(/usr/share/texlive/texmf-dist/tex/latex/amsfonts/amsfonts.sty))
(/usr/share/texlive/texmf-dist/tex/latex/unicode-math/unicode-math.sty
(/usr/share/texlive/texmf-dist/tex/latex/l3kernel/expl3.sty
(/usr/share/texlive/texmf-dist/tex/latex/l3backend/l3backend-xetex.def))
(/usr/share/texlive/texmf-dist/tex/latex/unicode-math/unicode-math-xetex.sty
(/usr/share/texlive/texmf-dist/tex/latex/l3packages/xparse/xparse.sty)
(/usr/share/texlive/texmf-dist/tex/latex/l3packages/l3keys2e/l3keys2e.sty)
(/usr/share/texlive/texmf-dist/tex/latex/fontspec/fontspec.sty
(/usr/share/texlive/texmf-dist/tex/latex/fontspec/fontspec-xetex.sty
(/usr/share/texlive/texmf-dist/tex/latex/base/fontenc.sty)
(/usr/share/texlive/texmf-dist/tex/latex/fontspec/fontspec.cfg)))
(/usr/share/texlive/texmf-dist/tex/latex/base/fix-cm.sty
(/usr/share/texlive/texmf-dist/tex/latex/base/ts1enc.def))
(/usr/share/texlive/texmf-dist/tex/latex/unicode-math/unicode-math-table.tex)))
(/usr/share/texlive/texmf-dist/tex/latex/ctex/ctex.sty
(/usr/share/texlive/texmf-dist/tex/latex/ctex/ctexhook.sty)
(/usr/share/texlive/texmf-dist/tex/latex/ctex/ctexpatch.sty)
(/usr/share/texlive/texmf-dist/tex/latex/ctex/config/ctexopts.cfg)
(/usr/share/texlive/texmf-dist/tex/latex/ctex/engine/ctex-engine-xetex.def
(/usr/share/texlive/texmf-dist/tex/xelatex/xecjk/xeCJK.sty
(/usr/share/texlive/texmf-dist/tex/latex/l3packages/xtemplate/xtemplate.sty)
(/usr/share/texlive/texmf-dist/tex/xelatex/xecjk/xeCJK.cfg)))
(/usr/share/texlive/texmf-dist/tex/latex/zhnumber/zhnumber.sty
(/usr/share/texlive/texmf-dist/tex/latex/zhnumber/zhnumber-utf8.cfg))
(/usr/share/texlive/texmf-dist/tex/latex/ctex/scheme/ctex-scheme-chinese.def
(/usr/share/texlive/texmf-dist/tex/latex/ctex/config/ctex-name-utf8.cfg))
(/usr/share/texlive/texmf-dist/tex/latex/tools/indentfirst.sty)
(/usr/share/texlive/texmf-dist/tex/latex/ctex/fontset/ctex-fontset-fandol.def))
 (/usr/share/texlive/texmf-dist/tex/latex/ctex/config/ctex.cfg)
(/usr/share/texlive/texmf-dist/tex/latex/geometry/geometry.sty
(/usr/share/texlive/texmf-dist/tex/latex/graphics/keyval.sty)
(/usr/share/texlive/texmf-dist/tex/generic/iftex/ifvtex.sty))
(/usr/share/texlive/texmf-dist/tex/latex/parskip/parskip.sty
(/usr/share/texlive/texmf-dist/tex/latex/kvoptions/kvoptions.sty
(/usr/share/texlive/texmf-dist/tex/generic/ltxcmds/ltxcmds.sty)
(/usr/share/texlive/texmf-dist/tex/latex/kvsetkeys/kvsetkeys.sty))
(/usr/share/texlive/texmf-dist/tex/latex/etoolbox/etoolbox.sty))
(/usr/share/texlive/texmf-dist/tex/latex/microtype/microtype.sty
(/usr/share/texlive/texmf-dist/tex/latex/microtype/microtype-xetex.def)
(/usr/share/texlive/texmf-dist/tex/latex/microtype/microtype.cfg))
(/usr/share/texlive/texmf-dist/tex/latex/xcolor/xcolor.sty
(/usr/share/texlive/texmf-dist/tex/latex/graphics-cfg/color.cfg)
(/usr/share/texlive/texmf-dist/tex/latex/graphics-def/xetex.def)
(/usr/share/texlive/texmf-dist/tex/latex/graphics/mathcolor.ltx))
(/usr/share/texlive/texmf-dist/tex/latex/upquote/upquote.sty
(/usr/share/texlive/texmf-dist/tex/latex/base/textcomp.sty))
(./config/code-style.tex
(/usr/share/texlive/texmf-dist/tex/latex/listings/listings.sty
(/usr/share/texlive/texmf-dist/tex/latex/listings/lstpatch.sty)
(/usr/share/texlive/texmf-dist/tex/latex/listings/lstmisc.sty)
(/usr/share/texlive/texmf-dist/tex/latex/listings/listings.cfg))
(/usr/share/texlive/texmf-dist/tex/xelatex/xecjk/xeCJK-listings.sty)
==> First Aid for listings.sty no longer applied!
    Expected:
        2024/09/23 1.10c (Carsten Heinz)
    but found:
        2025/11/14 1.11b (Carsten Heinz)
    so I'm assuming it got fixed.
) (/usr/share/texlive/texmf-dist/tex/latex/tools/longtable.sty)
(/usr/share/texlive/texmf-dist/tex/latex/booktabs/booktabs.sty)
(/usr/share/texlive/texmf-dist/tex/latex/tools/array.sty)
(/usr/share/texlive/texmf-dist/tex/latex/tools/calc.sty)
(/usr/share/texlive/texmf-dist/tex/latex/footnotehyper/footnotehyper.sty)
(/usr/share/texlive/texmf-dist/tex/latex/graphics/graphicx.sty
(/usr/share/texlive/texmf-dist/tex/latex/graphics/graphics.sty
(/usr/share/texlive/texmf-dist/tex/latex/graphics/trig.sty)
(/usr/share/texlive/texmf-dist/tex/latex/graphics-cfg/graphics.cfg)))
(/usr/share/texlive/texmf-dist/tex/latex/amscls/amsthm.sty)
(/usr/share/texlive/texmf-dist/tex/latex/hyperref/hyperref.sty
(/usr/share/texlive/texmf-dist/tex/generic/kvdefinekeys/kvdefinekeys.sty)
(/usr/share/texlive/texmf-dist/tex/generic/pdfescape/pdfescape.sty
(/usr/share/texlive/texmf-dist/tex/generic/pdftexcmds/pdftexcmds.sty
(/usr/share/texlive/texmf-dist/tex/generic/infwarerr/infwarerr.sty)))
(/usr/share/texlive/texmf-dist/tex/latex/hycolor/hycolor.sty)
(/usr/share/texlive/texmf-dist/tex/latex/hyperref/nameref.sty
(/usr/share/texlive/texmf-dist/tex/latex/refcount/refcount.sty)
(/usr/share/texlive/texmf-dist/tex/generic/gettitlestring/gettitlestring.sty))
(/usr/share/texlive/texmf-dist/tex/generic/stringenc/stringenc.sty)
(/usr/share/texlive/texmf-dist/tex/latex/hyperref/pd1enc.def)
(/usr/share/texlive/texmf-dist/tex/generic/intcalc/intcalc.sty)
(/usr/share/texlive/texmf-dist/tex/latex/hyperref/puenc.def)
(/usr/share/texlive/texmf-dist/tex/latex/url/url.sty)
(/usr/share/texlive/texmf-dist/tex/generic/bitset/bitset.sty
(/usr/share/texlive/texmf-dist/tex/generic/bigintcalc/bigintcalc.sty)))
(/usr/share/texlive/texmf-dist/tex/latex/hyperref/hxetex.def
(/usr/share/texlive/texmf-dist/tex/latex/rerunfilecheck/rerunfilecheck.sty
(/usr/share/texlive/texmf-dist/tex/generic/uniquecounter/uniquecounter.sty)))
(/usr/share/texlive/texmf-dist/tex/latex/bookmark/bookmark.sty
(/usr/share/texlive/texmf-dist/tex/latex/bookmark/bkm-dvipdfm.def))
(/usr/share/texlive/texmf-dist/tex/latex/xurl/xurl.sty))
(./config/book-info.tex) (build/main.aux)
*geometry* driver: auto-detecting
*geometry* detected driver: xetex

Package hyperref Warning: Rerun to get /PageLabels entry.

(/usr/share/texlive/texmf-dist/tex/latex/amsfonts/umsa.fd)
(/usr/share/texlive/texmf-dist/tex/latex/microtype/mt-msa.cfg)
(/usr/share/texlive/texmf-dist/tex/latex/amsfonts/umsb.fd)
(/usr/share/texlive/texmf-dist/tex/latex/microtype/mt-msb.cfg) [1] [2]
No file main.toc.
(./chapters/00-preface.tex [3] [4]) [5] [6]
(./chapters/01-hardware-preparation.tex
Chapter 1.
(/usr/share/texlive/texmf-dist/tex/latex/listings/lstlang1.sty)
(/usr/share/texlive/texmf-dist/tex/latex/listings/lstlang1.sty) [1] [2]
[3] [4] [5] (/usr/share/texlive/texmf-dist/tex/latex/listings/lstlang1.sty)
(/usr/share/texlive/texmf-dist/tex/latex/listings/lstlang2.sty)
(/usr/share/texlive/texmf-dist/tex/latex/listings/lstmisc.sty) [6] [7])
(./chapters/02-software-preparation.tex [8]
Chapter 2.
[9] [10] [11] [12]
(/usr/share/texlive/texmf-dist/tex/latex/listings/lstlang1.sty)
(/usr/share/texlive/texmf-dist/tex/latex/listings/lstmisc.sty) [13] [14]
[15] [16] [17] [18] [19] [20] [21] [22] [23] [24] [25] [26] [27] [28] [29]
Underfull \hbox (badness 5105) in paragraph at lines 1037--1038
[]\TU/FandolSong-Regular(0)/m/n/10 配 置 环 境 变 量  |（假 设 交 叉 工 具 链 安 装 在 了 \TU/lmm
ono10-regular.otf(0)/m/n/10 /opt/loongson-gnu-toolchain-8.3-x86_64-loongarch32r
-
[30] [31] [32] [33] [34] [35] [36]) (./chapters/03-base-cpu.tex [37] [38]
Chapter 3.
[39] [40] (/usr/share/texlive/texmf-dist/tex/latex/listings/lstlang1.sty)
(/usr/share/texlive/texmf-dist/tex/latex/listings/lstlang2.sty)
(/usr/share/texlive/texmf-dist/tex/latex/listings/lstlang3.sty) [41] [42]
[43] [44]) (./chapters/04-advanced-cpu.tex [45] [46]
Chapter 4.

LaTeX Warning: Reference `fig:04-lain-arch' on page 47 undefined on input line 
14.


LaTeX Warning: Reference `fig:04-bpu-arch' on page 47 undefined on input line 4
0.

(/usr/share/texlive/texmf-dist/tex/latex/listings/lstlang1.sty)
(/usr/share/texlive/texmf-dist/tex/latex/listings/lstlang2.sty)
(/usr/share/texlive/texmf-dist/tex/latex/listings/lstlang3.sty) [47] [48]
[49] [50]

Package longtable Warning: Column widths have changed
(longtable)                in table 4.1 on input line 139.

[51] [52] [53] [54] [55] [56] [57] [58] [59] [60] [61] [62] [63] [64]

LaTeX Warning: Reference `fig:04-cache-arch' on page 65 undefined on input line
 870.

[65] [66] [67] [68] [69] [70]) (./chapters/05-complex-cpu.tex [71] [72]
Chapter 5.

LaTeX Warning: Reference `fig:05-wired-arch' on page 73 undefined on input line
 14.

[73] [74] [75] [76]

LaTeX Warning: Reference `fig:05-rename-showcase' on page 77 undefined on input
 line 152.

[77] [78] [79] [80]

LaTeX Warning: Reference `fig:05-tso-maintain' on page 81 undefined on input li
ne 212.


LaTeX Warning: Reference `fig:05-cache-subsystem' on page 81 undefined on input
 line 230.

[81] [82]

LaTeX Warning: Reference `fig:05-cachepipefsm' on page 83 undefined on input li
ne 242.

[83]

LaTeX Warning: Reference `fig:05-cpureqfsm' on page 84 undefined on input line 
265.


LaTeX Warning: Reference `fig:05-prbfsm' on page 84 undefined on input line 276
.

[84]

LaTeX Warning: Reference `fig:05-invfsm' on page 85 undefined on input line 287
.


LaTeX Warning: Reference `fig:05-acqfsm' on page 85 undefined on input line 300
.

[85]) (./chapters/06-agility.tex [86] [87] [88]
Chapter 6.
[89] [90] [91] [92] [93] [94]
Underfull \hbox (badness 1484) in paragraph at lines 280--281
[]\TU/FandolSong-Regular(0)/m/n/10 这 段 代 码 实 现 了 \TU/lmroman10-regular.otf(0)/m
/n/10 Chisel \TU/FandolSong-Regular(0)/m/n/10 代 码 的 参 数 化，|  即 根 据 命 令 行 参 数 来 
配 置 不 同 的 硬 件 设 计 选 项。| \TU/lmroman10-regular.otf(0)/m/n/10 parseArgs \TU/Fando
lSong-Regular(0)/m/n/10 函 数 用 于

Underfull \hbox (badness 6758) in paragraph at lines 280--281
\TU/FandolSong-Regular(0)/m/n/10 解 析 命 令 行 参 数。|  它 接 受 一 个 描 述 信 息 字 符 串 和 一 个
 参 数 数 组，|  并 返 回 与 该 描 述 信 息 对 应 的 参 数 值。|  例 如，|
[95]
Underfull \hbox (badness 2197) in paragraph at lines 352--353
[]\TU/FandolSong-Regular(0)/m/n/10 该 段 代 码 声 明 了 一 个 处 理 器 的 \TU/lmroman10-regu
lar.otf(0)/m/n/10 BlackBox\TU/FandolSong-Regular(0)/m/n/10 ，|  在 生 成 \TU/lmroma
n10-regular.otf(0)/m/n/10 Verilog \TU/FandolSong-Regular(0)/m/n/10 时，|  该 \TU/l
mroman10-regular.otf(0)/m/n/10 BlackBox \TU/FandolSong-Regular(0)/m/n/10 实 例 化 
时 的 模 块 名 会 被 定 义 为
[96] [97] (/usr/share/texlive/texmf-dist/tex/latex/listings/lstlang1.sty)
[98] [99] [100] [101] [102] [103] [104] [105])
(./chapters/07-soc-and-system.tex [106]
Chapter 7.
./chapters/07-soc-and-system.tex:92: ignored error: Infinite glue shrinkage fou
nd in box being split [107] [108] [109] [110] [111] [112] [113] [114] [115]
[116] [117] [118] [119] [120] [121] [122] [123] [124] [125] [126] [127]
[128] [129] [130] [131]) (./chapters/08-verification-and-implementation.tex
[132]
Chapter 8.

LaTeX Warning: Reference `fig:08-cpu-application' on page 133 undefined on inpu
t line 8.

[133] [134]

LaTeX Warning: Reference `fig:08-vivado-start' on page 135 undefined on input l
ine 143.

[135]

LaTeX Warning: Reference `fig:08-vivado-new' on page 136 undefined on input lin
e 152.


LaTeX Warning: Reference `fig:08-vivado-set-project-name' on page 136 undefined
 on input line 161.


LaTeX Warning: Reference `fig:08-vivado-set-project-type' on page 136 undefined
 on input line 170.


LaTeX Warning: Reference `fig:08-vivado-select-fpga-info' on page 136 undefined
 on input line 179.


LaTeX Warning: Reference `fig:08-vivado-project-info-confirm' on page 136 undef
ined on input line 188.


LaTeX Warning: Reference `fig:08-vivado-new-project-end' on page 136 undefined 
on input line 197.


LaTeX Warning: Reference `fig:08-vivado-add-source-file' on page 136 undefined 
on input line 210.

[136] [137] [138] [139] [140] [141] [142]

LaTeX Warning: Reference `fig:08-vivado-add-sources-next' on page 143 undefined
 on input line 219.


LaTeX Warning: Reference `fig:08-vivado-add-constraints-files' on page 143 unde
fined on input line 250.


LaTeX Warning: Reference `fig:08-vivado-generate-bitstream' on page 143 undefin
ed on input line 263.


LaTeX Warning: Reference `fig:08-vivado-indicate-resynthesis' on page 143 undef
ined on input line 272.


LaTeX Warning: Reference `fig:08-vivado-open-hardware-manager' on page 143 unde
fined on input line 283.


LaTeX Warning: Reference `fig:08-vivado-open-new-target' on page 143 undefined 
on input line 292.


LaTeX Warning: Reference `fig:08-vivado-program-device' on page 143 undefined o
n input line 301.


LaTeX Warning: Reference `fig:08-vivado-fpga-programmed' on page 143 undefined 
on input line 310.


LaTeX Warning: Reference `fig:08-vivado-fpga-output' on page 143 undefined on i
nput line 319.

[143] [144] [145] [146] [147] [148]

LaTeX Warning: Reference `fig:08-chip-flow' on page 149 undefined on input line
 330.

[149] [150] [151] [152] [153]
(/usr/share/texlive/texmf-dist/tex/latex/listings/lstlang1.sty)
(/usr/share/texlive/texmf-dist/tex/latex/listings/lstlang2.sty) [154] [155]

LaTeX Warning: Reference `fig:08-pd-flow' on page 156 undefined on input line 5
42.


LaTeX Warning: Reference `fig:08-PVT-list' on page 156 undefined on input line 
563.

[156] [157]

LaTeX Warning: Reference `fig:08-timing1' on page 158 undefined on input line 5
95.

[158]

LaTeX Warning: Reference `fig:08-macro-place' on page 159 undefined on input li
ne 616.


LaTeX Warning: Reference `fig:08-IO-place' on page 159 undefined on input line 
625.


LaTeX Warning: Reference `fig:08-power-place' on page 159 undefined on input li
ne 634.

[159] [160] [161] [162]

LaTeX Warning: Reference `fig:08-place' on page 163 undefined on input line 669
.

[163] [164]

LaTeX Warning: Reference `fig:08-PostCTS' on page 165 undefined on input line 6
90.


LaTeX Warning: Reference `fig:08-PostCTS-res' on page 165 undefined on input li
ne 699.

[165] [166]

LaTeX Warning: Reference `fig:08-setup-time' on page 167 undefined on input lin
e 716.


LaTeX Warning: Reference `fig:08-routed-layout' on page 167 undefined on input 
line 725.


LaTeX Warning: Reference `fig:08-timing-checkflow' on page 167 undefined on inp
ut line 740.


LaTeX Warning: Reference `fig:08-timing-report' on page 167 undefined on input 
line 740.

[167] [168]

LaTeX Warning: Reference `fig:08-fm-flow' on page 169 undefined on input line 7
58.


LaTeX Warning: Reference `fig:08-LEC-res' on page 169 undefined on input line 7
58.

[169] [170] [171]

LaTeX Warning: Reference `fig:08-power-report' on page 172 undefined on input l
ine 801.

[172] [173]

LaTeX Warning: Reference `fig:08-static-ir-drop' on page 174 undefined on input
 line 824.


LaTeX Warning: Reference `fig:08-dynamic-ir-drop' on page 174 undefined on inpu
t line 833.


LaTeX Warning: Reference `fig:08-design-metrics' on page 174 undefined on input
 line 842.

[174] [175] [176] [177]

LaTeX Warning: Reference `fig:08-lvs-pass' on page 178 undefined on input line 
991.


LaTeX Warning: Reference `fig:08-layout1' on page 178 undefined on input line 1
002.


LaTeX Warning: Reference `fig:08-layout2' on page 178 undefined on input line 1
002.

) (./chapters/09-test-and-show.tex [178] [179] [180]
Chapter 9.
./chapters/09-test-and-show.tex:52: ignored error: Infinite glue shrinkage foun
d in box being split [181]

LaTeX Warning: Reference `fig:09-pcb-struct' on page 182 undefined on input lin
e 97.

[182] [183] [184] [185] [186] [187] [188] [189] [190] [191] [192] [193]
[194] [195]) [196] (./chapters/20-references.tex) (./chapters/30-resources.tex
[197] [198])

Package longtable Warning: Table widths have changed. Rerun LaTeX.

[199] (build/main.aux)

LaTeX Warning: There were undefined references.


LaTeX Warning: Label(s) may have changed. Rerun to get cross-references right.

 )
(see the transcript file for additional information)
Output written on build/main.xdv (205 pages, 4178380 bytes).
SyncTeX written on build/main.synctex.gz.
Transcript written on build/main.log.
Latexmk: Getting log file 'build/main.log'
Latexmk: Examining 'build/main.fls'
Latexmk: Examining 'build/main.log'
Latexmk: References changed.
Latexmk: Missing input file 'main.toc' message in .log file:
  No file main.toc.
Latexmk: References changed.
Latexmk: Log file says output to 'build/main.xdv'
Latexmk: Using bibtex to make bibliography file(s).
Latexmk: applying rule 'xelatex'...
Rule 'xelatex':  Reasons for rerun
Changed files or newly in use/created:
  build/main.aux
  build/main.toc

------------
Run number 2 of rule 'xelatex'
------------
------------
Running 'xelatex -no-shell-escape -synctex=1 -interaction=nonstopmode -halt-on-error -file-line-error -no-pdf -recorder -output-directory="build"  "main.tex"'
------------
This is XeTeX, Version 3.141592653-2.6-0.999997 (TeX Live 2025/Debian) (preloaded format=xelatex)
entering extended mode
(./main.tex
LaTeX2e <2025-11-01>
L3 programming layer <2026-01-19>
(/usr/share/texlive/texmf-dist/tex/latex/base/book.cls
Document Class: book 2025/01/22 v1.4n Standard LaTeX document class
(/usr/share/texlive/texmf-dist/tex/latex/base/bk10.clo)) (./config/preamble.tex
 (/usr/share/texlive/texmf-dist/tex/generic/iftex/iftex.sty)
(/usr/share/texlive/texmf-dist/tex/latex/amsmath/amsmath.sty
For additional information on amsmath, use the `?' option.
(/usr/share/texlive/texmf-dist/tex/latex/amsmath/amstext.sty
(/usr/share/texlive/texmf-dist/tex/latex/amsmath/amsgen.sty))
(/usr/share/texlive/texmf-dist/tex/latex/amsmath/amsbsy.sty)
(/usr/share/texlive/texmf-dist/tex/latex/amsmath/amsopn.sty))
(/usr/share/texlive/texmf-dist/tex/latex/amsfonts/amssymb.sty
(/usr/share/texlive/texmf-dist/tex/latex/amsfonts/amsfonts.sty))
(/usr/share/texlive/texmf-dist/tex/latex/unicode-math/unicode-math.sty
(/usr/share/texlive/texmf-dist/tex/latex/l3kernel/expl3.sty
(/usr/share/texlive/texmf-dist/tex/latex/l3backend/l3backend-xetex.def))
(/usr/share/texlive/texmf-dist/tex/latex/unicode-math/unicode-math-xetex.sty
(/usr/share/texlive/texmf-dist/tex/latex/l3packages/xparse/xparse.sty)
(/usr/share/texlive/texmf-dist/tex/latex/l3packages/l3keys2e/l3keys2e.sty)
(/usr/share/texlive/texmf-dist/tex/latex/fontspec/fontspec.sty
(/usr/share/texlive/texmf-dist/tex/latex/fontspec/fontspec-xetex.sty
(/usr/share/texlive/texmf-dist/tex/latex/base/fontenc.sty)
(/usr/share/texlive/texmf-dist/tex/latex/fontspec/fontspec.cfg)))
(/usr/share/texlive/texmf-dist/tex/latex/base/fix-cm.sty
(/usr/share/texlive/texmf-dist/tex/latex/base/ts1enc.def))
(/usr/share/texlive/texmf-dist/tex/latex/unicode-math/unicode-math-table.tex)))
(/usr/share/texlive/texmf-dist/tex/latex/ctex/ctex.sty
(/usr/share/texlive/texmf-dist/tex/latex/ctex/ctexhook.sty)
(/usr/share/texlive/texmf-dist/tex/latex/ctex/ctexpatch.sty)
(/usr/share/texlive/texmf-dist/tex/latex/ctex/config/ctexopts.cfg)
(/usr/share/texlive/texmf-dist/tex/latex/ctex/engine/ctex-engine-xetex.def
(/usr/share/texlive/texmf-dist/tex/xelatex/xecjk/xeCJK.sty
(/usr/share/texlive/texmf-dist/tex/latex/l3packages/xtemplate/xtemplate.sty)
(/usr/share/texlive/texmf-dist/tex/xelatex/xecjk/xeCJK.cfg)))
(/usr/share/texlive/texmf-dist/tex/latex/zhnumber/zhnumber.sty
(/usr/share/texlive/texmf-dist/tex/latex/zhnumber/zhnumber-utf8.cfg))
(/usr/share/texlive/texmf-dist/tex/latex/ctex/scheme/ctex-scheme-chinese.def
(/usr/share/texlive/texmf-dist/tex/latex/ctex/config/ctex-name-utf8.cfg))
(/usr/share/texlive/texmf-dist/tex/latex/tools/indentfirst.sty)
(/usr/share/texlive/texmf-dist/tex/latex/ctex/fontset/ctex-fontset-fandol.def))
 (/usr/share/texlive/texmf-dist/tex/latex/ctex/config/ctex.cfg)
(/usr/share/texlive/texmf-dist/tex/latex/geometry/geometry.sty
(/usr/share/texlive/texmf-dist/tex/latex/graphics/keyval.sty)
(/usr/share/texlive/texmf-dist/tex/generic/iftex/ifvtex.sty))
(/usr/share/texlive/texmf-dist/tex/latex/parskip/parskip.sty
(/usr/share/texlive/texmf-dist/tex/latex/kvoptions/kvoptions.sty
(/usr/share/texlive/texmf-dist/tex/generic/ltxcmds/ltxcmds.sty)
(/usr/share/texlive/texmf-dist/tex/latex/kvsetkeys/kvsetkeys.sty))
(/usr/share/texlive/texmf-dist/tex/latex/etoolbox/etoolbox.sty))
(/usr/share/texlive/texmf-dist/tex/latex/microtype/microtype.sty
(/usr/share/texlive/texmf-dist/tex/latex/microtype/microtype-xetex.def)
(/usr/share/texlive/texmf-dist/tex/latex/microtype/microtype.cfg))
(/usr/share/texlive/texmf-dist/tex/latex/xcolor/xcolor.sty
(/usr/share/texlive/texmf-dist/tex/latex/graphics-cfg/color.cfg)
(/usr/share/texlive/texmf-dist/tex/latex/graphics-def/xetex.def)
(/usr/share/texlive/texmf-dist/tex/latex/graphics/mathcolor.ltx))
(/usr/share/texlive/texmf-dist/tex/latex/upquote/upquote.sty
(/usr/share/texlive/texmf-dist/tex/latex/base/textcomp.sty))
(./config/code-style.tex
(/usr/share/texlive/texmf-dist/tex/latex/listings/listings.sty
(/usr/share/texlive/texmf-dist/tex/latex/listings/lstpatch.sty)
(/usr/share/texlive/texmf-dist/tex/latex/listings/lstmisc.sty)
(/usr/share/texlive/texmf-dist/tex/latex/listings/listings.cfg))
(/usr/share/texlive/texmf-dist/tex/xelatex/xecjk/xeCJK-listings.sty)
==> First Aid for listings.sty no longer applied!
    Expected:
        2024/09/23 1.10c (Carsten Heinz)
    but found:
        2025/11/14 1.11b (Carsten Heinz)
    so I'm assuming it got fixed.
) (/usr/share/texlive/texmf-dist/tex/latex/tools/longtable.sty)
(/usr/share/texlive/texmf-dist/tex/latex/booktabs/booktabs.sty)
(/usr/share/texlive/texmf-dist/tex/latex/tools/array.sty)
(/usr/share/texlive/texmf-dist/tex/latex/tools/calc.sty)
(/usr/share/texlive/texmf-dist/tex/latex/footnotehyper/footnotehyper.sty)
(/usr/share/texlive/texmf-dist/tex/latex/graphics/graphicx.sty
(/usr/share/texlive/texmf-dist/tex/latex/graphics/graphics.sty
(/usr/share/texlive/texmf-dist/tex/latex/graphics/trig.sty)
(/usr/share/texlive/texmf-dist/tex/latex/graphics-cfg/graphics.cfg)))
(/usr/share/texlive/texmf-dist/tex/latex/amscls/amsthm.sty)
(/usr/share/texlive/texmf-dist/tex/latex/hyperref/hyperref.sty
(/usr/share/texlive/texmf-dist/tex/generic/kvdefinekeys/kvdefinekeys.sty)
(/usr/share/texlive/texmf-dist/tex/generic/pdfescape/pdfescape.sty
(/usr/share/texlive/texmf-dist/tex/generic/pdftexcmds/pdftexcmds.sty
(/usr/share/texlive/texmf-dist/tex/generic/infwarerr/infwarerr.sty)))
(/usr/share/texlive/texmf-dist/tex/latex/hycolor/hycolor.sty)
(/usr/share/texlive/texmf-dist/tex/latex/hyperref/nameref.sty
(/usr/share/texlive/texmf-dist/tex/latex/refcount/refcount.sty)
(/usr/share/texlive/texmf-dist/tex/generic/gettitlestring/gettitlestring.sty))
(/usr/share/texlive/texmf-dist/tex/generic/stringenc/stringenc.sty)
(/usr/share/texlive/texmf-dist/tex/latex/hyperref/pd1enc.def)
(/usr/share/texlive/texmf-dist/tex/generic/intcalc/intcalc.sty)
(/usr/share/texlive/texmf-dist/tex/latex/hyperref/puenc.def)
(/usr/share/texlive/texmf-dist/tex/latex/url/url.sty)
(/usr/share/texlive/texmf-dist/tex/generic/bitset/bitset.sty
(/usr/share/texlive/texmf-dist/tex/generic/bigintcalc/bigintcalc.sty)))
(/usr/share/texlive/texmf-dist/tex/latex/hyperref/hxetex.def
(/usr/share/texlive/texmf-dist/tex/latex/rerunfilecheck/rerunfilecheck.sty
(/usr/share/texlive/texmf-dist/tex/generic/uniquecounter/uniquecounter.sty)))
(/usr/share/texlive/texmf-dist/tex/latex/bookmark/bookmark.sty
(/usr/share/texlive/texmf-dist/tex/latex/bookmark/bkm-dvipdfm.def))
(/usr/share/texlive/texmf-dist/tex/latex/xurl/xurl.sty))
(./config/book-info.tex) (build/main.aux)
*geometry* driver: auto-detecting
*geometry* detected driver: xetex
(/usr/share/texlive/texmf-dist/tex/latex/amsfonts/umsa.fd)
(/usr/share/texlive/texmf-dist/tex/latex/microtype/mt-msa.cfg)
(/usr/share/texlive/texmf-dist/tex/latex/amsfonts/umsb.fd)
(/usr/share/texlive/texmf-dist/tex/latex/microtype/mt-msb.cfg) [1] [2]
(build/main.toc [3]) (./chapters/00-preface.tex [4]) [5] [6]
(./chapters/01-hardware-preparation.tex
Chapter 1.
(/usr/share/texlive/texmf-dist/tex/latex/listings/lstlang1.sty)
(/usr/share/texlive/texmf-dist/tex/latex/listings/lstlang1.sty) [1] [2]
[3] [4] [5] (/usr/share/texlive/texmf-dist/tex/latex/listings/lstlang1.sty)
(/usr/share/texlive/texmf-dist/tex/latex/listings/lstlang2.sty)
(/usr/share/texlive/texmf-dist/tex/latex/listings/lstmisc.sty) [6] [7])
(./chapters/02-software-preparation.tex [8]
Chapter 2.
[9] [10] [11] [12]
(/usr/share/texlive/texmf-dist/tex/latex/listings/lstlang1.sty)
(/usr/share/texlive/texmf-dist/tex/latex/listings/lstmisc.sty) [13] [14]
[15] [16] [17] [18] [19] [20] [21] [22] [23] [24] [25] [26] [27] [28] [29]
Underfull \hbox (badness 5105) in paragraph at lines 1037--1038
[]\TU/FandolSong-Regular(0)/m/n/10 配 置 环 境 变 量  |（假 设 交 叉 工 具 链 安 装 在 了 \TU/lmm
ono10-regular.otf(0)/m/n/10 /opt/loongson-gnu-toolchain-8.3-x86_64-loongarch32r
-
[30] [31] [32] [33] [34] [35] [36]) (./chapters/03-base-cpu.tex [37] [38]
Chapter 3.
[39] [40] (/usr/share/texlive/texmf-dist/tex/latex/listings/lstlang1.sty)
(/usr/share/texlive/texmf-dist/tex/latex/listings/lstlang2.sty)
(/usr/share/texlive/texmf-dist/tex/latex/listings/lstlang3.sty) [41] [42]
[43] [44]) (./chapters/04-advanced-cpu.tex [45] [46]
Chapter 4.
(/usr/share/texlive/texmf-dist/tex/latex/listings/lstlang1.sty)
(/usr/share/texlive/texmf-dist/tex/latex/listings/lstlang2.sty)
(/usr/share/texlive/texmf-dist/tex/latex/listings/lstlang3.sty) [47] [48]
[49] [50] [51] [52] [53] [54] [55] [56] [57] [58] [59] [60] [61] [62] [63]
[64] [65] [66] [67] [68] [69] [70]) (./chapters/05-complex-cpu.tex [71]
[72]
Chapter 5.
[73] [74] [75] [76] [77] [78] [79] [80] [81] [82] [83] [84] [85])
(./chapters/06-agility.tex [86] [87] [88]
Chapter 6.
[89] [90] [91] [92] [93] [94]
Underfull \hbox (badness 1484) in paragraph at lines 280--281
[]\TU/FandolSong-Regular(0)/m/n/10 这 段 代 码 实 现 了 \TU/lmroman10-regular.otf(0)/m
/n/10 Chisel \TU/FandolSong-Regular(0)/m/n/10 代 码 的 参 数 化，|  即 根 据 命 令 行 参 数 来 
配 置 不 同 的 硬 件 设 计 选 项。| \TU/lmroman10-regular.otf(0)/m/n/10 parseArgs \TU/Fando
lSong-Regular(0)/m/n/10 函 数 用 于

Underfull \hbox (badness 6758) in paragraph at lines 280--281
\TU/FandolSong-Regular(0)/m/n/10 解 析 命 令 行 参 数。|  它 接 受 一 个 描 述 信 息 字 符 串 和 一 个
 参 数 数 组，|  并 返 回 与 该 描 述 信 息 对 应 的 参 数 值。|  例 如，|
[95]
Underfull \hbox (badness 2197) in paragraph at lines 352--353
[]\TU/FandolSong-Regular(0)/m/n/10 该 段 代 码 声 明 了 一 个 处 理 器 的 \TU/lmroman10-regu
lar.otf(0)/m/n/10 BlackBox\TU/FandolSong-Regular(0)/m/n/10 ，|  在 生 成 \TU/lmroma
n10-regular.otf(0)/m/n/10 Verilog \TU/FandolSong-Regular(0)/m/n/10 时，|  该 \TU/l
mroman10-regular.otf(0)/m/n/10 BlackBox \TU/FandolSong-Regular(0)/m/n/10 实 例 化 
时 的 模 块 名 会 被 定 义 为
[96] [97] (/usr/share/texlive/texmf-dist/tex/latex/listings/lstlang1.sty)
[98] [99] [100] [101] [102] [103] [104] [105])
(./chapters/07-soc-and-system.tex [106]
Chapter 7.
./chapters/07-soc-and-system.tex:92: ignored error: Infinite glue shrinkage fou
nd in box being split [107] [108] [109] [110] [111] [112] [113] [114] [115]
[116] [117] [118] [119] [120] [121] [122] [123] [124] [125] [126] [127]
[128] [129] [130] [131]) (./chapters/08-verification-and-implementation.tex
[132]
Chapter 8.
[133] [134] [135] [136] [137] [138] [139] [140] [141] [142] [143] [144]
[145] [146] [147] [148] [149] [150] [151] [152] [153]
(/usr/share/texlive/texmf-dist/tex/latex/listings/lstlang1.sty)
(/usr/share/texlive/texmf-dist/tex/latex/listings/lstlang2.sty) [154] [155]
[156] [157] [158] [159] [160] [161] [162] [163] [164] [165] [166] [167]
[168] [169] [170] [171] [172] [173] [174] [175] [176] [177])
(./chapters/09-test-and-show.tex [178] [179] [180]
Chapter 9.
./chapters/09-test-and-show.tex:52: ignored error: Infinite glue shrinkage foun
d in box being split [181] [182] [183] [184] [185] [186] [187] [188] [189]
[190] [191] [192] [193] [194] [195]) [196] (./chapters/20-references.tex)
(./chapters/30-resources.tex [197] [198]) [199] (build/main.aux) )
(see the transcript file for additional information)
Output written on build/main.xdv (205 pages, 4251660 bytes).
SyncTeX written on build/main.synctex.gz.
Transcript written on build/main.log.
Latexmk: Getting log file 'build/main.log'
Latexmk: Examining 'build/main.fls'
Latexmk: Examining 'build/main.log'
Latexmk: Log file says output to 'build/main.xdv'
Latexmk: Using bibtex to make bibliography file(s).
Latexmk: applying rule 'xdvipdfmx'...
Rule 'xdvipdfmx':  Reasons for rerun
Changed files or newly in use/created:
  build/main.xdv
Category 'changed_source_rules':
  xelatex
Category 'no_dest':
  xdvipdfmx

------------
Run number 1 of rule 'xdvipdfmx'
------------
------------
Running 'xdvipdfmx -E -o "build/main.pdf"  "build/main.xdv"'
------------
build/main.xdv -> build/main.pdf
[1][2][3][4][5][6][7][8][9][10][11][12][13][14][15][16][17][18][19][20][21][22][23][24][25][26][27][28][29][30][31][32][33][34][35][36][37][38][39][40][41][42][43][44][45][46][47][48][49][50][51][52][53][54][55][56][57][58][59][60][61][62][63][64][65][66][67][68][69][70][71][72][73][74][75][76][77][78][79][80][81][82][83][84][85][86][87][88][89][90][91][92][93][94][95][96][97][98][99][100][101][102][103][104][105][106][107][108][109][110][111][112
xdvipdfmx:warning: JPEG: Inconsistent resolution may have specified in Exif and JFIF: 144x144 - 72x72
][113][114][115][116][117][118][119][120][121][122][123][124][125][126][127][128][129][130][131][132][133][134][135][136][137][138][139][140][141][142][143][144][145][146][147][148][149][150][151][152][153][154][155][156][157][158][159][160][161][162][163][164][165][166][167][168][169][170][171][172][173][174][175][176][177][178][179][180][181][182][183][184][185][186][187][188][189][190][191][192][193][194][195][196][197][198][199][200][201][202][203][204][205]
28297509 bytes written
Latexmk: All targets (build/main.xdv build/main.pdf) are up-to-date

